Nowistheisthetimethetimefortimeforallforallgoodallgoodmen
